[1/7] 数据集加载完成：33156 条样本 <- data/math_v1.jsonl
[2/7] Tokenizer 加载完成：vocab_size = 151646（eos=151643）
[3/7] 模型随机初始化完成：总参数量 = 72.40M，设备 = cuda，精度 = BF16
    学习率 = 0.0003
[4/7] 独立样本模式（长度分桶）：train 26525 / val 6631 条，batch=16
[4/7] 独立样本模式：train 26525 条 / val 6631 条（batch 内 pad，样本内转移全部完整，无切块破坏）
[5/7] 优化器 AdamW(lr=0.0003)，总步数 ≈ 13264，warmup 663 步，cosine 退火
[6/7] 开始训练 ...
  epoch 01/8 | train_loss 1.8181 | eval_loss 0.3204 | lr 2.95e-04 | 已用 3851s
  epoch 02/8 | train_loss 0.2992 | eval_loss 0.2887 | lr 2.68e-04 | 已用 7812s
  epoch 03/8 | train_loss 0.2830 | eval_loss 0.2848 | lr 2.21e-04 | 已用 10849s
  epoch 04/8 | train_loss 0.2779 | eval_loss 0.2798 | lr 1.62e-04 | 已用 13229s
  epoch 05/8 | train_loss 0.2752 | eval_loss 0.2790 | lr 1.01e-04 | 已用 15878s
  epoch 06/8 | train_loss 0.2731 | eval_loss 0.2784 | lr 4.84e-05 | 已用 18157s
  epoch 07/8 | train_loss 0.2714 | eval_loss 0.2782 | lr 1.26e-05 | 已用 20572s
  epoch 08/8 | train_loss 0.2720 | eval_loss 0.2772 | lr 0.00e+00 | 已用 23240s
[7/7] 训练结束，总耗时 23240s
最终模型已保存到 output_v1/final_model/（完整权重 + config + tokenizer）
[1/7] 数据集加载完成：33162 条样本 <- data/math_v2.jsonl
[2/7] Tokenizer 加载完成：vocab_size = 151646（eos=151643）
[3/7] 模型随机初始化完成：总参数量 = 65.32M，设备 = cuda，精度 = BF16
    学习率 = 0.0003
[4/7] 独立样本模式（长度分桶）：train 26530 / val 6632 条，batch=16
[4/7] 独立样本模式：train 26530 条 / val 6632 条（batch 内 pad，样本内转移全部完整，无切块破坏）
[5/7] 优化器 AdamW(lr=0.0003)，总步数 ≈ 13272，warmup 663 步，cosine 退火
[6/7] 开始训练 ...
  epoch 01/8 | train_loss 1.6534 | eval_loss 0.2169 | lr 2.95e-04 | 已用 3238s
  epoch 02/8 | train_loss 0.2078 | eval_loss 0.2022 | lr 2.68e-04 | 已用 6570s
  epoch 03/8 | train_loss 0.2000 | eval_loss 0.1967 | lr 2.21e-04 | 已用 9975s
  epoch 04/8 | train_loss 0.1969 | eval_loss 0.1951 | lr 1.62e-04 | 已用 13086s
  epoch 05/8 | train_loss 0.1955 | eval_loss 0.1951 | lr 1.01e-04 | 已用 16589s
  epoch 06/8 | train_loss 0.1956 | eval_loss 0.1952 | lr 4.84e-05 | 已用 19778s
  epoch 07/8 | train_loss 0.1943 | eval_loss 0.1966 | lr 1.26e-05 | 已用 22868s
  epoch 08/8 | train_loss 0.1933 | eval_loss 0.1957 | lr 0.00e+00 | 已用 26023s
[7/7] 训练结束，总耗时 26023s
最终模型已保存到 output_v2/final_model/（完整权重 + config + tokenizer）
[1/7] 数据集加载完成：33162 条样本 <- data/math_v3.jsonl
[2/7] Tokenizer 加载完成：vocab_size = 151646（eos=151643）
[3/7] 模型随机初始化完成：总参数量 = 65.32M，设备 = cuda，精度 = BF16
    学习率 = 0.0003
[4/7] 独立样本模式（长度分桶）：train 26530 / val 6632 条，batch=32
[4/7] 独立样本模式：train 26530 条 / val 6632 条（batch 内 pad，样本内转移全部完整，无切块破坏）
[5/7] 优化器 AdamW(lr=0.0003)，总步数 ≈ 6640，warmup 332 步，cosine 退火
[6/7] 开始训练 ...
[1/7] 数据集加载完成：33162 条样本 <- data/math_v3.jsonl
[2/7] Tokenizer 加载完成：vocab_size = 151646（eos=151643）
[3/7] 模型随机初始化完成：总参数量 = 65.32M，设备 = cuda，精度 = BF16
    学习率 = 0.0003
[4/7] 独立样本模式（长度分桶）：train 26530 / val 6632 条，batch=24
[4/7] 独立样本模式：train 26530 条 / val 6632 条（batch 内 pad，样本内转移全部完整，无切块破坏）
[5/7] 优化器 AdamW(lr=0.0003)，总步数 ≈ 8848，warmup 442 步，cosine 退火
[6/7] 开始训练 ...
[1/7] 数据集加载完成：47730 条样本 <- data/math_v3.jsonl
[2/7] Tokenizer 加载完成：vocab_size = 151646（eos=151643）
[3/7] 模型随机初始化完成：总参数量 = 65.32M，设备 = cuda，精度 = BF16
    学习率 = 0.0003
[4/7] 独立样本模式（长度分桶）：train 38184 / val 9546 条，batch=16
[4/7] 独立样本模式：train 38184 条 / val 9546 条（batch 内 pad，样本内转移全部完整，无切块破坏）
[5/7] 优化器 AdamW(lr=0.0003)，总步数 ≈ 11935，warmup 596 步，cosine 退火
[6/7] 开始训练 ...
[1/7] 数据集加载完成：47730 条样本 <- data/math_v3.jsonl
[2/7] Tokenizer 加载完成：vocab_size = 151646（eos=151643）
[3/7] 模型随机初始化完成：总参数量 = 65.32M，设备 = cuda，精度 = BF16
    学习率 = 0.0003
[4/7] 独立样本模式（长度分桶）：train 38184 / val 9546 条，batch=8
[4/7] 独立样本模式：train 38184 条 / val 9546 条（batch 内 pad，样本内转移全部完整，无切块破坏）
[5/7] 优化器 AdamW(lr=0.0003)，总步数 ≈ 4773，warmup 238 步，cosine 退火
[对拍] 分块 loss vs HF 原生 loss（必须近似一致，否则拒绝训练）
       HF 原生 = 12.048318 | 分块 = 12.048318 | 绝对差 = 0.000000 | 相对差 = 0.0000%
       对拍通过（相对差 < 0.1%）
[6/7] 开始训练 ...
  epoch 01/1 | train_loss 0.5715 | eval_loss 0.2275 | lr 0.00e+00 | 已用 657s
[7/7] 训练结束，总耗时 657s
最终模型已保存到 output_v3_probe/final_model/（完整权重 + config + tokenizer）
[1/7] 数据集加载完成：47730 条样本 <- data/math_v3.jsonl
[2/7] Tokenizer 加载完成：vocab_size = 151646（eos=151643）
[3/7] 模型随机初始化完成：总参数量 = 65.32M，设备 = cuda，精度 = BF16
    学习率 = 0.0003
[4/7] 独立样本模式（长度分桶）：train 38184 / val 9546 条，batch=16
[4/7] 独立样本模式：train 38184 条 / val 9546 条（batch 内 pad，样本内转移全部完整，无切块破坏）
[5/7] 优化器 AdamW(lr=0.0003)，总步数 ≈ 11935，warmup 596 步，cosine 退火
[6/7] 开始训练 ...
  epoch 01/5 | train_loss 1.2287 | eval_loss 0.1951 | lr 2.82e-04 | 已用 1013s
  epoch 02/5 | train_loss 0.1911 | eval_loss 0.1840 | lr 2.10e-04 | 已用 2160s
  epoch 03/5 | train_loss 0.1835 | eval_loss 0.1798 | lr 1.13e-04 | 已用 3315s
  epoch 04/5 | train_loss 0.1807 | eval_loss 0.1773 | lr 3.16e-05 | 已用 4458s
  epoch 05/5 | train_loss 0.1821 | eval_loss 0.1804 | lr 0.00e+00 | 已用 5596s
[7/7] 训练结束，总耗时 5596s
最终模型已保存到 output_v3/final_model/（完整权重 + config + tokenizer）
[1/7] 数据集加载完成：36996 条样本 <- data/math_v4.jsonl
[2/7] Tokenizer 加载完成：vocab_size = 151646（eos=151643）
[3/7] 模型随机初始化完成：总参数量 = 65.32M，设备 = cuda，精度 = BF16
    学习率 = 0.0003
[4/7] 独立样本模式（长度分桶）：train 29597 / val 7399 条，batch=16
[4/7] 独立样本模式：train 29597 条 / val 7399 条（batch 内 pad，样本内转移全部完整，无切块破坏）
[5/7] 优化器 AdamW(lr=0.0003)，总步数 ≈ 5550，warmup 277 步，cosine 退火
[6/7] 开始训练 ...
  epoch 01/3 | train_loss 1.0976 | eval_loss 0.2295 | lr 2.39e-04 | 已用 433s
  epoch 02/3 | train_loss 0.2133 | eval_loss 0.2138 | lr 8.23e-05 | 已用 864s
  epoch 03/3 | train_loss 0.2076 | eval_loss 0.2120 | lr 0.00e+00 | 已用 1296s
[7/7] 训练结束，总耗时 1296s
最终模型已保存到 output_v4a/final_model/（完整权重 + config + tokenizer）
[1/7] 数据集加载完成：300 条样本 <- data/_smoke_v4.jsonl
[2/7] Tokenizer 加载完成：vocab_size = 151646（eos=151643）
[3/7] 模型随机初始化完成：总参数量 = 65.32M，设备 = cuda，精度 = BF16
[3b] NAVE 已启用：digit_ids=[15, 16, 17, 18, 19, 20, 21, 22, 23, 24]，theta=8，编码器参数 157.4K（零初始化 proj → 起点等价于无 NAVE）
    学习率 = 0.0003
[4/7] 独立样本模式（长度分桶）：train 240 / val 60 条，batch=16
[4/7] 独立样本模式：train 240 条 / val 60 条（batch 内 pad，样本内转移全部完整，无切块破坏）
[5/7] 优化器 AdamW(lr=0.0003)，总步数 ≈ 15，warmup 1 步，cosine 退火
[对拍] 分块 loss vs HF 原生 loss（必须近似一致，否则拒绝训练）
[1/7] 数据集加载完成：300 条样本 <- data/_smoke_v4.jsonl
[2/7] Tokenizer 加载完成：vocab_size = 151646（eos=151643）
[3/7] 模型随机初始化完成：总参数量 = 65.32M，设备 = cuda，精度 = BF16
[3b] NAVE 已启用：digit_ids=[15, 16, 17, 18, 19, 20, 21, 22, 23, 24]，theta=8，编码器参数 157.4K（零初始化 proj → 起点等价于无 NAVE）
    学习率 = 0.0003
[4/7] 独立样本模式（长度分桶）：train 240 / val 60 条，batch=16
[4/7] 独立样本模式：train 240 条 / val 60 条（batch 内 pad，样本内转移全部完整，无切块破坏）
[5/7] 优化器 AdamW(lr=0.0003)，总步数 ≈ 15，warmup 1 步，cosine 退火
[对拍] 分块 loss vs HF 原生 loss（必须近似一致，否则拒绝训练）
       HF 原生 = 12.025809 | 分块 = 12.025809 | 绝对差 = 0.000000 | 相对差 = 0.0000%
       对拍通过（相对差 < 0.1%）
[6/7] 开始训练 ...
  epoch 01/1 | train_loss 10.4846 | eval_loss 9.8237 | lr 0.00e+00 | 已用 7s
[7/7] 训练结束，总耗时 7s
最终模型已保存到 output_smoke_nave/final_model/（完整权重 + config + tokenizer）
[1/7] 数据集加载完成：94942 条样本 <- data/math_v5.jsonl
[2/7] Tokenizer 加载完成：vocab_size = 151646（eos=151643）
[3/7] 模型随机初始化完成：总参数量 = 65.32M，设备 = cuda，精度 = BF16
[3b] NAVE 已启用：digit_ids=[15, 16, 17, 18, 19, 20, 21, 22, 23, 24]，theta=8，编码器参数 157.4K（零初始化 proj → 起点等价于无 NAVE）
    学习率 = 0.0003
[4/7] 独立样本模式（长度分桶）：train 75954 / val 18988 条，batch=16
[4/7] 独立样本模式：train 75954 条 / val 18988 条（batch 内 pad，样本内转移全部完整，无切块破坏）
[5/7] 优化器 AdamW(lr=0.0003)，总步数 ≈ 4748，warmup 237 步，cosine 退火
[6/7] 开始训练 ...
  epoch 01/1 | train_loss 0.4959 | eval_loss 0.2160 | lr 0.00e+00 | 已用 1886s
[7/7] 训练结束，总耗时 1886s
NAVE 编码器已保存到 output_v5c1/final_model/nave.pt
最终模型已保存到 output_v5c1/final_model/（完整权重 + config + tokenizer）
